make[1]: 警告: 副次 make で -jN を強制指定しました: jobserver モードを無効にします.
make[1]: ディレクトリ '/home/guicho/repos/presentations/2017-7-21-chat' に入ります
make -C img
make -C css
make -C scripts
make[2]: ディレクトリ '/home/guicho/repos/presentations/2017-7-21-chat/img' に入ります
make[2]: ディレクトリ '/home/guicho/repos/presentations/2017-7-21-chat/css' に入ります
sass --update .
make[2]: ディレクトリ '/home/guicho/repos/presentations/2017-7-21-chat/scripts' に入ります
make[2]: 'all' に対して行うべき事はありません.
make[2]: ディレクトリ '/home/guicho/repos/presentations/2017-7-21-chat/scripts' から出ます
scripts/org-html.sh presen.org presen.org.html
make[2]: 'all' に対して行うべき事はありません.
make[2]: ディレクトリ '/home/guicho/repos/presentations/2017-7-21-chat/img' から出ます
Loading /home/guicho/repos/presentations/2017-7-21-chat/scripts/compile-org-html.el (source)...
make[2]: ディレクトリ '/home/guicho/repos/presentations/2017-7-21-chat/css' から出ます
Org-mode version 8.3.6 (8.3.6-dist @ /home/guicho/repos/presentations/2017-7-21-chat/org-mode/lisp/)
Saving file /home/guicho/repos/presentations/2017-7-21-chat/presen.org.html...
Wrote /home/guicho/repos/presentations/2017-7-21-chat/presen.org.html
cp -f presen.org.html index.html
make[1]: ディレクトリ '/home/guicho/repos/presentations/2017-7-21-chat' から出ます
